127.0.0.1 - - [11/Jun/2025:09:12:41 +0900] "GET / HTTP/1.1" 404 807
0:0:0:0:0:0:0:1 - - [11/Jun/2025:09:13:19 +0900] "GET / HTTP/1.1" 404 807
0:0:0:0:0:0:0:1 - - [11/Jun/2025:09:13:28 +0900] "GET /lab00610/ HTTP/1.1" 404 820
0:0:0:0:0:0:0:1 - - [11/Jun/2025:09:13:29 +0900] "GET /favicon.ico HTTP/1.1" 404 818
0:0:0:0:0:0:0:1 - - [11/Jun/2025:09:13:35 +0900] "GET /lab0610/ HTTP/1.1" 200 728
0:0:0:0:0:0:0:1 - - [11/Jun/2025:09:13:47 +0900] "GET /lab0610/showList HTTP/1.1" 404 721
0:0:0:0:0:0:0:1 - - [11/Jun/2025:09:14:14 +0900] "GET /lab0610/showStu HTTP/1.1" 200 909
127.0.0.1 - - [11/Jun/2025:09:18:38 +0900] "GET / HTTP/1.1" 404 807
0:0:0:0:0:0:0:1 - - [11/Jun/2025:09:18:41 +0900] "GET /lab0610/showStu HTTP/1.1" 200 3188
0:0:0:0:0:0:0:1 - - [11/Jun/2025:09:20:00 +0900] "GET /lab0610/showStu HTTP/1.1" 404 721
127.0.0.1 - - [11/Jun/2025:09:20:11 +0900] "GET / HTTP/1.1" 404 807
0:0:0:0:0:0:0:1 - - [11/Jun/2025:09:21:35 +0900] "GET /lab0610/showStu HTTP/1.1" 200 3188
0:0:0:0:0:0:0:1 - - [11/Jun/2025:09:21:37 +0900] "GET /lab0610/showStu HTTP/1.1" 200 3188
0:0:0:0:0:0:0:1 - - [11/Jun/2025:09:21:42 +0900] "GET /lab0610/delStu?stuId=4&stuName=%EC%9D%B4%EC%84%9C%EC%9A%B0 HTTP/1.1" 200 909
0:0:0:0:0:0:0:1 - - [11/Jun/2025:09:21:44 +0900] "GET /lab0610/delStu?stuId=4&stuName=%EC%9D%B4%EC%84%9C%EC%9A%B0 HTTP/1.1" 200 909
127.0.0.1 - - [11/Jun/2025:09:22:33 +0900] "GET / HTTP/1.1" 404 807
0:0:0:0:0:0:0:1 - - [11/Jun/2025:09:22:40 +0900] "GET /lab0610/delStu?stuId=4&stuName=%EC%9D%B4%EC%84%9C%EC%9A%B0 HTTP/1.1" 200 876
0:0:0:0:0:0:0:1 - - [11/Jun/2025:09:22:50 +0900] "GET /lab0610/showStu HTTP/1.1" 200 2488
0:0:0:0:0:0:0:1 - - [11/Jun/2025:09:22:53 +0900] "GET /lab0610/delStu?stuId=5&stuName=%EC%B9%B4%EC%B9%B4%EC%98%A4 HTTP/1.1" 200 876
127.0.0.1 - - [11/Jun/2025:09:34:38 +0900] "GET / HTTP/1.1" 404 807
0:0:0:0:0:0:0:1 - - [11/Jun/2025:09:34:57 +0900] "GET /lab0610/showStu HTTP/1.1" 200 1951
127.0.0.1 - - [11/Jun/2025:09:35:36 +0900] "GET / HTTP/1.1" 404 807
0:0:0:0:0:0:0:1 - - [11/Jun/2025:09:36:02 +0900] "GET /lab0610/showStu HTTP/1.1" 200 1951
0:0:0:0:0:0:0:1 - - [11/Jun/2025:09:36:05 +0900] "GET /lab0610/delStu?stuId=3&stuName=%EA%B3%A0%EA%B8%B8%EB%8F%99 HTTP/1.1" 302 -
0:0:0:0:0:0:0:1 - - [11/Jun/2025:09:36:05 +0900] "GET /lab0610/lab0601/showStu HTTP/1.1" 404 721
127.0.0.1 - - [11/Jun/2025:09:36:28 +0900] "GET / HTTP/1.1" 404 807
0:0:0:0:0:0:0:1 - - [11/Jun/2025:09:36:45 +0900] "GET /lab0610/lab0601/showStu HTTP/1.1" 404 721
0:0:0:0:0:0:0:1 - - [11/Jun/2025:09:36:47 +0900] "GET /lab0610/lab0601/showStu HTTP/1.1" 404 721
0:0:0:0:0:0:0:1 - - [11/Jun/2025:09:37:07 +0900] "GET /lab0601/showStu HTTP/1.1" 404 826
0:0:0:0:0:0:0:1 - - [11/Jun/2025:09:37:13 +0900] "GET /lab0601/showStu HTTP/1.1" 404 826
0:0:0:0:0:0:0:1 - - [11/Jun/2025:09:37:19 +0900] "GET /lab0601/index HTTP/1.1" 404 824
127.0.0.1 - - [11/Jun/2025:09:37:40 +0900] "GET / HTTP/1.1" 404 807
0:0:0:0:0:0:0:1 - - [11/Jun/2025:09:37:43 +0900] "GET /lab0601/index HTTP/1.1" 404 824
0:0:0:0:0:0:0:1 - - [11/Jun/2025:09:37:44 +0900] "GET /lab0601/index HTTP/1.1" 404 824
0:0:0:0:0:0:0:1 - - [11/Jun/2025:09:37:45 +0900] "GET /lab0601/index HTTP/1.1" 404 824
0:0:0:0:0:0:0:1 - - [11/Jun/2025:09:37:48 +0900] "GET /lab0601/index HTTP/1.1" 404 824
0:0:0:0:0:0:0:1 - - [11/Jun/2025:09:38:05 +0900] "GET /lab0601/insert HTTP/1.1" 404 825
0:0:0:0:0:0:0:1 - - [11/Jun/2025:09:38:10 +0900] "GET /lab0601/ HTTP/1.1" 404 819
0:0:0:0:0:0:0:1 - - [11/Jun/2025:09:38:12 +0900] "GET /lab0601/ HTTP/1.1" 404 819
0:0:0:0:0:0:0:1 - - [11/Jun/2025:09:38:21 +0900] "GET /lab0610/ HTTP/1.1" 200 808
0:0:0:0:0:0:0:1 - - [11/Jun/2025:09:38:25 +0900] "GET /lab0610/insert HTTP/1.1" 200 1243
0:0:0:0:0:0:0:1 - - [11/Jun/2025:09:38:36 +0900] "POST /lab0610/insertAction HTTP/1.1" 200 691
0:0:0:0:0:0:0:1 - - [11/Jun/2025:09:38:38 +0900] "GET /lab0610/insert HTTP/1.1" 200 1243
0:0:0:0:0:0:0:1 - - [11/Jun/2025:09:38:46 +0900] "POST /lab0610/insertAction HTTP/1.1" 200 693
0:0:0:0:0:0:0:1 - - [11/Jun/2025:09:38:49 +0900] "GET /lab0610/ HTTP/1.1" 200 808
0:0:0:0:0:0:0:1 - - [11/Jun/2025:09:38:50 +0900] "GET /lab0610/statics HTTP/1.1" 200 814
0:0:0:0:0:0:0:1 - - [11/Jun/2025:09:38:52 +0900] "GET /lab0610/ HTTP/1.1" 200 808
0:0:0:0:0:0:0:1 - - [11/Jun/2025:09:38:53 +0900] "GET /lab0610/statics HTTP/1.1" 200 814
0:0:0:0:0:0:0:1 - - [11/Jun/2025:09:38:57 +0900] "GET /lab0610/ HTTP/1.1" 200 808
0:0:0:0:0:0:0:1 - - [11/Jun/2025:09:38:58 +0900] "GET /lab0610/rank HTTP/1.1" 200 695
127.0.0.1 - - [11/Jun/2025:09:39:39 +0900] "GET / HTTP/1.1" 404 807
0:0:0:0:0:0:0:1 - - [11/Jun/2025:09:39:43 +0900] "GET /lab0610/rank HTTP/1.1" 200 1189
0:0:0:0:0:0:0:1 - - [11/Jun/2025:09:39:48 +0900] "GET /lab0610/ HTTP/1.1" 200 808
0:0:0:0:0:0:0:1 - - [11/Jun/2025:09:39:50 +0900] "GET /lab0610/showStu HTTP/1.1" 200 2483
0:0:0:0:0:0:0:1 - - [11/Jun/2025:09:40:03 +0900] "GET /lab0610/delStu?stuId=1&stuName=%ED%99%8D%EA%B8%B8%EB%8F%99 HTTP/1.1" 302 -
0:0:0:0:0:0:0:1 - - [11/Jun/2025:09:40:03 +0900] "GET /lab0610/showStu HTTP/1.1" 200 1945
127.0.0.1 - - [11/Jun/2025:10:22:12 +0900] "GET / HTTP/1.1" 404 807
0:0:0:0:0:0:0:1 - - [11/Jun/2025:10:22:14 +0900] "GET /lab0611/ HTTP/1.1" 200 165
0:0:0:0:0:0:0:1 - - [11/Jun/2025:10:22:19 +0900] "GET /lab0611/create HTTP/1.1" 406 818
